message: "Infrastructure requested with Crossplane using LogicalDatabaseClaim object 'default/my-go-project-1'"
