message: "Repository 'demotechinc/my-go-project-1' ready."
