apiVersion: source.toolkit.fluxcd.io/v1beta2
kind: HelmRepository
metadata:
  name: my-go-project-1
  namespace: default
spec:
  type: "oci"
  interval: 5m0s
  url: oci://ghcr.io/giantswarm/charts
