message: "Error: repository littleswarm/test_repo does not exist."
