message: "Repository 'demotechinc/my-go-project-1' already exists with the correct properties"
