message: "HelmRelease object 'default/my-go-project-1' successfully created"
