apiVersion: v1
kind: ConfigMap
metadata:
  name: my-go-project-1-info
  namespace: default
data:
  repoName: my-go-project-1
  repoOwner: demotechinc
  repoVisibility: private
  repoProvider: github
  fluxHelmRepositoryName: my-go-project-1
  registryInfoConfigMapName: github-oci-registry-info
