apiVersion: v1
kind: ConfigMap
metadata:
  name: my-go-project-1
  namespace: default
data:
  crossplane: magic
